// Jest Snapshot v1, https://goo.gl/fbAQLP

exports[`reselectConnect should proxy all props and renders wrapped component 1`] = `
<Provider
  store={
    Object {
      "dispatch": [Function],
      "getState": [Function],
      "replaceReducer": [Function],
      "subscribe": [Function],
      Symbol(observable): [Function],
    }
  }
>
  <ConnectFunction
    prop="prop1"
  >
    <ConnectFunction
      prop="prop1"
      propFromSelector="prop2"
    >
      <ReselectConnect(TestComponent)
        prop="prop1"
        propFromSelector="prop2"
      >
        <TestComponent
          prop="prop1"
          propFromSelector="prop2"
        >
          TestComponent Content
        </TestComponent>
      </ReselectConnect(TestComponent)>
    </ConnectFunction>
  </ConnectFunction>
</Provider>
`;
